// Jest Snapshot v1, https://goo.gl/fbAQLP

exports[`should filter passed results 1`] = `
Array [
  Array [
    "{bgBlue Repository: ,} repository",
  ],
  Array [
    "
        {hex('#FF8800') ðŸš¨ ,} failing-repo",
  ],
  Array [
    "
        {greenBright âœ… ,} passed-repo",
  ],
  Array [
    "
",
  ],
]
`;

exports[`should return global all passed when there is no fail 1`] = `
Array [
  Array [
    "{bgBlue Repository: ,
}
      {greenBright Passed all checks ðŸ¥³ 
} repository",
  ],
]
`;
